// Vitest Snapshot v1, https://vitest.dev/guide/snapshot.html

exports[`BaseInput.vue > matches the snapshot 1`] = `"<input data-v-86533b41="" class="input size-md normal" type="text" value="">"`;
