// Vitest Snapshot v1, https://vitest.dev/guide/snapshot.html

exports[`TextInput.vue > matches the snapshot 1`] = `
"<div data-v-a0d36167="" class="text-input size--md"><input data-v-86533b41="" data-v-a0d36167="" placeholder="Enter text" iconleft="search" iconright="clear" iconleftclickable="true" iconrightclickable="true" allowtogglepassword="false" hascloudycolor="false" showclear="false" class="input-itself input size-md normal input--has-icon-left input--has-icon-right input-itself" type="text" value=""><span data-v-26446d8e="" data-v-a0d36167="" class="unnnic-icon material-symbols-rounded unnnic-icon-scheme--fg-base unnnic-icon-size--ant unnnic-icon__size--ant unnnic--clickable icon-left clickable" data-testid="material-icon" translate="no">search</span>
  <section data-v-a0d36167="" class="icon-right-container">
    <!--v-if--><span data-v-26446d8e="" data-v-a0d36167="" class="unnnic-icon material-symbols-rounded unnnic-icon-scheme--fg-base unnnic-icon-size--ant unnnic-icon__size--ant unnnic--clickable icon-right clickable" data-testid="material-icon" translate="no">clear</span>
  </section>
</div>"
`;
