// Vitest Snapshot v1, https://vitest.dev/guide/snapshot.html

exports[`Tab.vue > matches the snapshot 1`] = `
"<div data-v-b4e39fac="" class="tab size-md">
  <header data-v-b4e39fac="" class="tab-header">
    <ul data-v-b4e39fac="" class="tab-content">
      <li data-v-b4e39fac="" class="tab-head">tab1<div data-v-bf0cf546="" data-v-b4e39fac="" class="unnnic-tooltip"><span data-v-26446d8e="" data-v-b4e39fac="" class="material-symbols-rounded unnnic-icon-scheme--neutral-cleanest unnnic-icon-size--sm material-symbols-rounded--filled" data-testid="material-icon" translate="no">info</span><span data-v-bf0cf546="" class="unnnic-tooltip-label unnnic-tooltip-label-bottom" data-testid="tooltip-label" style="left: 0px; top: 8px;">Tooltip text <br data-v-bf0cf546=""><!--v-if--></span></div>
      </li>
      <li data-v-b4e39fac="" class="tab-head tab-head--active">tab2
        <!--v-if-->
      </li>
      <li data-v-b4e39fac="" class="tab-head">tab3
        <!--v-if-->
      </li>
    </ul>
  </header>
  <main data-v-b4e39fac="" class="tab-body">
    <div data-v-b4e39fac="" class="tab-panel"></div>
  </main>
</div>"
`;
