// Vitest Snapshot v1, https://vitest.dev/guide/snapshot.html

exports[`UnnnicChatsContact > should match snapshot 1`] = `
"<div data-v-8ce6efd5="" class="chats-contact" tabindex="0" style="position: relative; overflow: hidden;">
  <section data-v-c735998e="" data-v-8ce6efd5="" class="user-avatar user-avatar--xl"><span data-v-c735998e="">C</span></section>
  <div data-v-8ce6efd5="" class="chats-contact__infos">
    <h1 data-v-8ce6efd5="" class="chats-contact__infos__title ellipsis" title="Contact Name">Contact Name</h1>
    <div data-v-8ce6efd5="" class="chats-contact__infos__additional-information">
      <!--v-if-->
    </div>
  </div>
  <section data-v-8ce6efd5="" class="chats-contact__infos__unread-messages-container">
    <!--v-if-->
    <!--v-if-->
  </section>
  <transition-group-stub data-v-17112bed="" data-v-8ce6efd5="" name="grow" tag="div" appear="false" persisted="false" css="true" class="ripples"></transition-group-stub>
</div>"
`;
