// Vitest Snapshot v1, https://vitest.dev/guide/snapshot.html

exports[`ChartFunnel.vue > matches snapshot 1`] = `"<chart-default-funnel-base-stub data="[object Object],[object Object],[object Object]"></chart-default-funnel-base-stub>"`;
