// Vitest Snapshot v1, https://vitest.dev/guide/snapshot.html

exports[`ChartFunnelFourRows.vue > matches snapshot 1`] = `"<div class="chart-funnel-base-row unnnic-chart-funnel-four-rows"></div>"`;
