// Vitest Snapshot v1, https://vitest.dev/guide/snapshot.html

exports[`ChartFunnelFiveRows.vue > matches snapshot 1`] = `"<div class="chart-funnel-base-row unnnic-chart-funnel-five-rows"></div>"`;
