// Vitest Snapshot v1, https://vitest.dev/guide/snapshot.html

exports[`ChartFunnelThreeRows.vue > matches snapshot 1`] = `"<div class="chart-funnel-base-row unnnic-chart-funnel-three-rows"></div>"`;
