// Vitest Snapshot v1, https://vitest.dev/guide/snapshot.html

exports[`Label > applies the correct classes and styles 1`] = `"<p data-v-7f222291="" class="unnnic-label__label">Label Test</p>"`;
