// Vitest Snapshot v1, https://vitest.dev/guide/snapshot.html

exports[`AlertCaller.vue > matches snapshot 1`] = `"<button>Launch alert</button>"`;
